[    0.000000] Initializing cgroup subsys cpuset
[    0.000000] Initializing cgroup subsys cpu
[    0.000000] Initializing cgroup subsys cpuacct
[    0.000000] Linux version 4.4.0-127-generic (buildd@lcy01-amd64-023) (gcc version 5.4.0 20160609 (Ubuntu 5.4.0-6ubuntu1~16.04.9) ) #153-Ubuntu SMP Sat May 19 10:58:46 UTC 2018 (Ubuntu 4.4.0-127.153-generic 4.4.128)
[    0.000000] Command line: BOOT_IMAGE=/boot/vmlinuz-4.4.0-127-generic root=UUID=0a39d82d-3b5b-4d6e-820a-c9d43ab677e6 ro console=tty1 console=ttyS0
[    0.000000] KERNEL supported cpus:
[    0.000000]   Intel GenuineIntel
[    0.000000]   AMD AuthenticAMD
[    0.000000]   Centaur CentaurHauls
[    0.000000] x86/fpu: xstate_offset[2]:  576, xstate_sizes[2]:  256
[    0.000000] x86/fpu: Supporting XSAVE feature 0x01: 'x87 floating point registers'
[    0.000000] x86/fpu: Supporting XSAVE feature 0x02: 'SSE registers'
[    0.000000] x86/fpu: Supporting XSAVE feature 0x04: 'AVX registers'
[    0.000000] x86/fpu: Enabled xstate features 0x7, context size is 832 bytes, using 'standard' format.
[    0.000000] x86/fpu: Using 'lazy' FPU context switches.
[    0.000000] e820: BIOS-provided physical RAM map:
[    0.000000] BIOS-e820: [mem 0x0000000000000000-0x000000000009fbff] usable
[    0.000000] BIOS-e820: [mem 0x000000000009fc00-0x000000000009ffff] reserved
[    0.000000] BIOS-e820: [mem 0x00000000000f0000-0x00000000000fffff] reserved
[    0.000000] BIOS-e820: [mem 0x0000000000100000-0x000000003ffeffff] usable
[    0.000000] BIOS-e820: [mem 0x000000003fff0000-0x000000003fffffff] ACPI data
[    0.000000] BIOS-e820: [mem 0x00000000fec00000-0x00000000fec00fff] reserved
[    0.000000] BIOS-e820: [mem 0x00000000fee00000-0x00000000fee00fff] reserved
[    0.000000] BIOS-e820: [mem 0x00000000fffc0000-0x00000000ffffffff] reserved
[    0.000000] NX (Execute Disable) protection: active
[    0.000000] SMBIOS 2.5 present.
[    0.000000] Hypervisor detected: KVM
[    0.000000] e820: last_pfn = 0x3fff0 max_arch_pfn = 0x400000000
[    0.000000] MTRR: Disabled
[    0.000000] x86/PAT: MTRRs disabled, skipping PAT initialization too.
[    0.000000] CPU MTRRs all blank - virtualized system.
[    0.000000] x86/PAT: Configuration [0-7]: WB  WT  UC- UC  WB  WT  UC- UC  
[    0.000000] found SMP MP-table at [mem 0x0009fff0-0x0009ffff] mapped at [ffff88000009fff0]
[    0.000000] Scanning 1 areas for low memory corruption
[    0.000000] RAMDISK: [mem 0x361f0000-0x370effff]
[    0.000000] ACPI: Early table checksum verification disabled
[    0.000000] ACPI: RSDP 0x00000000000E0000 000024 (v02 VBOX  )
[    0.000000] ACPI: XSDT 0x000000003FFF0030 00003C (v01 VBOX   VBOXXSDT 00000001 ASL  00000061)
[    0.000000] ACPI: FACP 0x000000003FFF00F0 0000F4 (v04 VBOX   VBOXFACP 00000001 ASL  00000061)
[    0.000000] ACPI: DSDT 0x000000003FFF0470 0021C8 (v02 VBOX   VBOXBIOS 00000002 INTL 20100528)
[    0.000000] ACPI: FACS 0x000000003FFF0200 000040
[    0.000000] ACPI: FACS 0x000000003FFF0200 000040
[    0.000000] ACPI: APIC 0x000000003FFF0240 00005C (v02 VBOX   VBOXAPIC 00000001 ASL  00000061)
[    0.000000] ACPI: SSDT 0x000000003FFF02A0 0001CC (v01 VBOX   VBOXCPUT 00000002 INTL 20100528)
[    0.000000] No NUMA configuration found
[    0.000000] Faking a node at [mem 0x0000000000000000-0x000000003ffeffff]
[    0.000000] NODE_DATA(0) allocated [mem 0x3ffeb000-0x3ffeffff]
[    0.000000] kvm-clock: Using msrs 4b564d01 and 4b564d00
[    0.000000] kvm-clock: cpu 0, msr 0:3ffe3001, primary cpu clock
[    0.000000] kvm-clock: using sched offset of 4493157456 cycles
[    0.000000] clocksource: kvm-clock: mask: 0xffffffffffffffff max_cycles: 0x1cd42e4dffb, max_idle_ns: 881590591483 ns
[    0.000000] Zone ranges:
[    0.000000]   DMA      [mem 0x0000000000001000-0x0000000000ffffff]
[    0.000000]   DMA32    [mem 0x0000000001000000-0x000000003ffeffff]
[    0.000000]   Normal   empty
[    0.000000]   Device   empty
[    0.000000] Movable zone start for each node
[    0.000000] Early memory node ranges
[    0.000000]   node   0: [mem 0x0000000000001000-0x000000000009efff]
[    0.000000]   node   0: [mem 0x0000000000100000-0x000000003ffeffff]
[    0.000000] Initmem setup node 0 [mem 0x0000000000001000-0x000000003ffeffff]
[    0.000000] ACPI: PM-Timer IO Port: 0x4008
[    0.000000] IOAPIC[0]: apic_id 2, version 32, address 0xfec00000, GSI 0-23
[    0.000000] ACPI: INT_SRC_OVR (bus 0 bus_irq 0 global_irq 2 dfl dfl)
[    0.000000] ACPI: INT_SRC_OVR (bus 0 bus_irq 9 global_irq 9 high level)
[    0.000000] Using ACPI (MADT) for SMP configuration information
[    0.000000] smpboot: Allowing 2 CPUs, 0 hotplug CPUs
[    0.000000] PM: Registered nosave memory: [mem 0x00000000-0x00000fff]
[    0.000000] PM: Registered nosave memory: [mem 0x0009f000-0x0009ffff]
[    0.000000] PM: Registered nosave memory: [mem 0x000a0000-0x000effff]
[    0.000000] PM: Registered nosave memory: [mem 0x000f0000-0x000fffff]
[    0.000000] e820: [mem 0x40000000-0xfebfffff] available for PCI devices
[    0.000000] Booting paravirtualized kernel on KVM
[    0.000000] clocksource: refined-jiffies: mask: 0xffffffff max_cycles: 0xffffffff, max_idle_ns: 7645519600211568 ns
[    0.000000] setup_percpu: NR_CPUS:512 nr_cpumask_bits:512 nr_cpu_ids:2 nr_node_ids:1
[    0.000000] PERCPU: Embedded 34 pages/cpu @ffff88003fc00000 s99544 r8192 d31528 u1048576
[    0.000000] PV qspinlock hash table entries: 256 (order: 0, 4096 bytes)
[    0.000000] Built 1 zonelists in Node order, mobility grouping on.  Total pages: 257912
[    0.000000] Policy zone: DMA32
[    0.000000] Kernel command line: BOOT_IMAGE=/boot/vmlinuz-4.4.0-127-generic root=UUID=0a39d82d-3b5b-4d6e-820a-c9d43ab677e6 ro console=tty1 console=ttyS0
[    0.000000] PID hash table entries: 4096 (order: 3, 32768 bytes)
[    0.000000] Memory: 997160K/1048120K available (8537K kernel code, 1313K rwdata, 4000K rodata, 1512K init, 1316K bss, 50960K reserved, 0K cma-reserved)
[    0.000000] SLUB: HWalign=64, Order=0-3, MinObjects=0, CPUs=2, Nodes=1
[    0.000000] Kernel/User page tables isolation: enabled
[    0.000000] Hierarchical RCU implementation.
[    0.000000] 	Build-time adjustment of leaf fanout to 64.
[    0.000000] 	RCU restricting CPUs from NR_CPUS=512 to nr_cpu_ids=2.
[    0.000000] RCU: Adjusting geometry for rcu_fanout_leaf=64, nr_cpu_ids=2
[    0.000000] NR_IRQS:33024 nr_irqs:440 16
[    0.000000] Console: colour VGA+ 80x25
[    0.000000] console [tty1] enabled
[    0.000000] console [ttyS0] enabled
[    0.000000] tsc: Detected 1799.999 MHz processor
[    4.427673] Calibrating delay loop (skipped) preset value.. 3599.99 BogoMIPS (lpj=7199996)
[    4.558247] pid_max: default: 32768 minimum: 301
[    4.610641] ACPI: Core revision 20150930
[    4.660992] ACPI: 2 ACPI AML tables successfully acquired and loaded
[    4.713400] Security Framework initialized
[    4.756465] Yama: becoming mindful.
[    4.762432] AppArmor: AppArmor initialized
[    4.767744] Dentry cache hash table entries: 131072 (order: 8, 1048576 bytes)
[    4.814098] Inode-cache hash table entries: 65536 (order: 7, 524288 bytes)
[    4.891826] Mount-cache hash table entries: 2048 (order: 2, 16384 bytes)
[    4.978895] Mountpoint-cache hash table entries: 2048 (order: 2, 16384 bytes)
[    5.056141] Initializing cgroup subsys io
[    5.057959] Initializing cgroup subsys memory
[    5.106862] Initializing cgroup subsys devices
[    5.148232] Initializing cgroup subsys freezer
[    5.191722] Initializing cgroup subsys net_cls
[    5.242860] Initializing cgroup subsys perf_event
[    5.283003] Initializing cgroup subsys net_prio
[    5.324500] Initializing cgroup subsys hugetlb
[    5.386585] Initializing cgroup subsys pids
[    5.450374] CPU: Physical Processor ID: 0
[    5.522659] CPU: Processor Core ID: 0
[    5.569675] mce: CPU supports 0 MCE banks
[    5.604614] Last level iTLB entries: 4KB 64, 2MB 8, 4MB 8
[    5.687367] Last level dTLB entries: 4KB 64, 2MB 0, 4MB 0, 1GB 4
[    5.775622] Spectre V2 : Mitigation: Full generic retpoline
[    5.849620] Spectre V2 : Speculation control IBPB not-supported IBRS not-supported
[    5.920482] Speculative Store Bypass: Vulnerable
[    5.958559] Freeing SMP alternatives memory: 32K
[    6.016165] ftrace: allocating 32237 entries in 126 pages
[    6.138450] smpboot: APIC(0) Converting physical 0 to logical package 0
[    6.216528] smpboot: Max logical packages: 1
[    6.251309] x2apic enabled
[    6.269029] Switched APIC routing to physical x2apic.
[    6.337267] ..TIMER: vector=0x30 apic1=0 pin1=2 apic2=-1 pin2=-1
[    6.486732] smpboot: CPU0: Intel(R) Core(TM) i5-5350U CPU @ 1.80GHz (family: 0x6, model: 0x3d, stepping: 0x4)
[    6.615041] Performance Events: unsupported p6 CPU model 61 no PMU driver, software events only.
[    6.756642] KVM setup paravirtual spinlock
[    6.793134] x86: Booting SMP configuration:
[    6.844783] .... node  #0, CPUs:      #1
[    6.890190] kvm-clock: cpu 1, msr 0:3ffe3041, secondary cpu clock
[    6.914649] mce: CPU supports 0 MCE banks
[    6.918294] x86: Booted up 1 node, 2 CPUs
[    6.975753] smpboot: Total of 2 processors activated (7199.99 BogoMIPS)
[    7.036111] devtmpfs: initialized
[    7.074290] evm: security.selinux
[    7.095863] evm: security.SMACK64
[    7.112712] evm: security.SMACK64EXEC
[    7.143734] evm: security.SMACK64TRANSMUTE
[    7.173879] evm: security.SMACK64MMAP
[    7.201970] evm: security.ima
[    7.227655] evm: security.capability
[    7.260211] clocksource: jiffies: mask: 0xffffffff max_cycles: 0xffffffff, max_idle_ns: 7645041785100000 ns
[    7.344206] futex hash table entries: 512 (order: 3, 32768 bytes)
[    7.381645] pinctrl core: initialized pinctrl subsystem
[    7.403041] RTC time: 12:07:55, date: 05/23/18
[    7.447843] NET: Registered protocol family 16
[    7.467254] cpuidle: using governor ladder
[    7.503384] cpuidle: using governor menu
[    7.526357] PCCT header not found.
[    7.553153] ACPI: bus type PCI registered
[    7.576408] acpiphp: ACPI Hot Plug PCI Controller Driver version: 0.5
[    7.600622] PCI: Using configuration type 1 for base access
[    7.636543] ACPI: Added _OSI(Module Device)
[    7.640824] ACPI: Added _OSI(Processor Device)
[    7.677026] ACPI: Added _OSI(3.0 _SCP Extensions)
[    7.691697] ACPI: Added _OSI(Processor Aggregator Device)
[    7.739105] ACPI: Executed 1 blocks of module-level executable AML code
[    7.793932] ACPI: Interpreter enabled
[    7.834248] ACPI: (supports S0 S5)
[    7.872055] ACPI: Using IOAPIC for interrupt routing
[    7.932195] PCI: Using host bridge windows from ACPI; if necessary, use "pci=nocrs" and report a bug
[    8.022121] ACPI: PCI Root Bridge [PCI0] (domain 0000 [bus 00-ff])
[    8.090838] acpi PNP0A03:00: _OSC: OS supports [ASPM ClockPM Segments MSI]
[    8.141421] acpi PNP0A03:00: _OSC failed (AE_NOT_FOUND); disabling ASPM
[    8.230712] acpi PNP0A03:00: fail to add MMCONFIG information, can't access extended PCI configuration space under this bridge.
[    8.309645] PCI host bridge to bus 0000:00
[    8.342514] pci_bus 0000:00: root bus resource [io  0x0000-0x0cf7 window]
[    8.365417] pci_bus 0000:00: root bus resource [io  0x0d00-0xffff window]
[    8.386150] pci_bus 0000:00: root bus resource [mem 0x000a0000-0x000bffff window]
[    8.406656] pci_bus 0000:00: root bus resource [mem 0x40000000-0xffdfffff window]
[    8.427300] pci_bus 0000:00: root bus resource [bus 00-ff]
[    8.464559] pci 0000:00:01.1: legacy IDE quirk: reg 0x10: [io  0x01f0-0x01f7]
[    8.509853] pci 0000:00:01.1: legacy IDE quirk: reg 0x14: [io  0x03f6]
[    8.564076] pci 0000:00:01.1: legacy IDE quirk: reg 0x18: [io  0x0170-0x0177]
[    8.594117] pci 0000:00:01.1: legacy IDE quirk: reg 0x1c: [io  0x0376]
[    8.702076] pci 0000:00:07.0: quirk: [io  0x4000-0x403f] claimed by PIIX4 ACPI
[    8.757121] pci 0000:00:07.0: quirk: [io  0x4100-0x410f] claimed by PIIX4 SMB
[    8.814294] ACPI: PCI Interrupt Link [LNKA] (IRQs 5 9 10 *11)
[    8.880791] ACPI: PCI Interrupt Link [LNKB] (IRQs 5 9 10 *11)
[    8.925066] ACPI: PCI Interrupt Link [LNKC] (IRQs 5 9 *10 11)
[    8.985768] ACPI: PCI Interrupt Link [LNKD] (IRQs 5 *9 10 11)
[    9.020134] ACPI: Enabled 2 GPEs in block 00 to 07
[    9.037246] vgaarb: setting as boot device: PCI:0000:00:02.0
[    9.080048] vgaarb: device added: PCI:0000:00:02.0,decodes=io+mem,owns=io+mem,locks=none
[    9.148100] vgaarb: loaded
[    9.193073] vgaarb: bridge control possible 0000:00:02.0
[    9.236432] SCSI subsystem initialized
[    9.268994] ACPI: bus type USB registered
[    9.278432] usbcore: registered new interface driver usbfs
[    9.311107] usbcore: registered new interface driver hub
[    9.334065] usbcore: registered new device driver usb
[    9.417799] PCI: Using ACPI for IRQ routing
[    9.520733] NetLabel: Initializing
[    9.593172] NetLabel:  domain hash size = 128
[    9.630134] NetLabel:  protocols = UNLABELED CIPSOv4
[    9.686208] NetLabel:  unlabeled traffic allowed by default
[    9.691922] amd_nb: Cannot enumerate AMD northbridges
[    9.710048] clocksource: Switched to clocksource kvm-clock
[    9.926437] AppArmor: AppArmor Filesystem Enabled
[    9.965648] pnp: PnP ACPI init
[    9.996147] pnp: PnP ACPI: found 3 devices
[   10.019650] clocksource: acpi_pm: mask: 0xffffff max_cycles: 0xffffff, max_idle_ns: 2085701024 ns
[   10.034477] NET: Registered protocol family 2
[   10.067211] TCP established hash table entries: 8192 (order: 4, 65536 bytes)
[   10.096916] TCP bind hash table entries: 8192 (order: 5, 131072 bytes)
[   10.124391] TCP: Hash tables configured (established 8192 bind 8192)
[   10.135231] UDP hash table entries: 512 (order: 2, 16384 bytes)
[   10.164273] UDP-Lite hash table entries: 512 (order: 2, 16384 bytes)
[   10.186569] NET: Registered protocol family 1
[   10.207175] pci 0000:00:00.0: Limiting direct PCI/PCI transfers
[   10.226602] pci 0000:00:01.0: Activating ISA DMA hang workarounds
[   10.249641] Unpacking initramfs...
[   10.576836] Freeing initrd memory: 15360K
[   10.607824] RAPL PMU detected, API unit is 2^-32 Joules, 4 fixed counters 10737418240 ms ovfl timer
[   10.663032] hw unit of domain pp0-core 2^-0 Joules
[   10.680364] hw unit of domain package 2^-0 Joules
[   10.706832] hw unit of domain dram 2^-0 Joules
[   10.724728] hw unit of domain pp1-gpu 2^-0 Joules
[   10.755701] platform rtc_cmos: registered platform RTC device (no PNP device found)
[   10.807389] Scanning for low memory corruption every 60 seconds
[   10.843116] audit: initializing netlink subsys (disabled)
[   10.888599] audit: type=2000 audit(1527077277.066:1): initialized
[   10.915094] Initialise system trusted keyring
[   10.936940] HugeTLB registered 2 MB page size, pre-allocated 0 pages
[   10.963502] zbud: loaded
[   10.982280] VFS: Disk quotas dquot_6.6.0
[   11.008641] VFS: Dquot-cache hash table entries: 512 (order 0, 4096 bytes)
[   11.050551] squashfs: version 4.0 (2009/01/31) Phillip Lougher
[   11.095275] fuse init (API version 7.23)
[   11.161801] Key type big_key registered
[   11.193742] Allocating IMA MOK and blacklist keyrings.
[   11.217012] Key type asymmetric registered
[   11.243343] Asymmetric key parser 'x509' registered
[   11.278131] Block layer SCSI generic (bsg) driver version 0.4 loaded (major 249)
[   11.353949] io scheduler noop registered
[   11.406143] io scheduler deadline registered (default)
[   11.455746] io scheduler cfq registered
[   11.482547] pci_hotplug: PCI Hot Plug PCI Core version: 0.5
[   11.515020] pciehp: PCI Express Hot Plug Controller Driver version: 0.4
[   11.562127] ACPI: AC Adapter [AC] (off-line)
[   11.601685] input: Power Button as /devices/LNXSYSTM:00/LNXPWRBN:00/input/input0
[   11.640360] ACPI: Power Button [PWRF]
[   11.644343] input: Sleep Button as /devices/LNXSYSTM:00/LNXSLPBN:00/input/input1
[   11.647363] ACPI: Sleep Button [SLPF]
[   11.650740] GHES: HEST is not enabled!
[   11.652383] ACPI: Battery Slot [BAT0] (battery present)
[   11.708080] Serial: 8250/16550 driver, 32 ports, IRQ sharing enabled
[   11.743105] 00:02: ttyS0 at I/O 0x3f8 (irq = 4, base_baud = 115200) is a 16550A
[   11.769659] tsc: Refined TSC clocksource calibration: 1799.775 MHz
[   11.790770] clocksource: tsc: mask: 0xffffffffffffffff max_cycles: 0x19f155024fc, max_idle_ns: 440795250949 ns
[   11.844838] Linux agpgart interface v0.103
[   11.926852] loop: module loaded
[   11.953120] scsi host0: ata_piix
[   12.029906] scsi host1: ata_piix
[   12.099402] ata1: PATA max UDMA/33 cmd 0x1f0 ctl 0x3f6 bmdma 0xd000 irq 14
[   12.185525] ata2: PATA max UDMA/33 cmd 0x170 ctl 0x376 bmdma 0xd008 irq 15
[   12.214946] libphy: Fixed MDIO Bus: probed
[   12.270388] tun: Universal TUN/TAP device driver, 1.6
[   12.347528] tun: (C) 1999-2004 Max Krasnyansky <maxk@qualcomm.com>
[   12.396216] PPP generic driver version 2.4.2
[   12.415272] ehci_hcd: USB 2.0 'Enhanced' Host Controller (EHCI) Driver
[   12.451419] ehci-pci: EHCI PCI platform driver
[   12.493845] ehci-platform: EHCI generic platform driver
[   12.541554] ohci_hcd: USB 1.1 'Open' Host Controller (OHCI) Driver
[   12.602553] ohci-pci: OHCI PCI platform driver
[   12.637249] ohci-platform: OHCI generic platform driver
[   12.672082] uhci_hcd: USB Universal Host Controller Interface driver
[   12.746620] i8042: PNP: PS/2 Controller [PNP0303:PS2K,PNP0f03:PS2M] at 0x60,0x64 irq 1,12
[   12.770716] serio: i8042 KBD port at 0x60,0x64 irq 1
[   12.789027] serio: i8042 AUX port at 0x60,0x64 irq 12
[   12.806747] mousedev: PS/2 mouse device common for all mice
[   12.837206] rtc_cmos rtc_cmos: rtc core: registered rtc_cmos as rtc0
[   12.876388] rtc_cmos rtc_cmos: alarms up to one day, 114 bytes nvram
[   12.945687] i2c /dev entries driver
[   12.986766] input: AT Translated Set 2 keyboard as /devices/platform/i8042/serio0/input/input2
[   13.056993] device-mapper: uevent: version 1.0.3
[   13.088002] device-mapper: ioctl: 4.34.0-ioctl (2015-10-28) initialised: dm-devel@redhat.com
[   13.153711] ledtrig-cpu: registered to indicate activity on CPUs
[   13.193884] NET: Registered protocol family 10
[   13.215311] NET: Registered protocol family 17
[   13.284395] Key type dns_resolver registered
[   13.359495] registered taskstats version 1
[   13.391026] Loading compiled-in X.509 certificates
[   13.422258] Loaded X.509 cert 'Build time autogenerated kernel key: 9f6f572a3ee0cb468eb8db4aa61815bc74ef6adb'
[   13.570713] zswap: loaded using pool lzo/zbud
[   13.609679] Key type trusted registered
[   13.680600] Key type encrypted registered
[   13.689354] AppArmor: AppArmor sha1 policy hashing enabled
[   13.739853] ima: No TPM chip found, activating TPM-bypass!
[   13.815133] evm: HMAC attrs: 0x1
[   13.868534]   Magic number: 2:60:128
[   13.919957] acpi PNP0C02:00: hash matches
[   13.968056] rtc_cmos rtc_cmos: setting system clock to 2018-05-23 12:08:02 UTC (1527077282)
[   14.090164] BIOS EDD facility v0.16 2004-Jun-25, 0 devices found
[   14.101616] EDD information not available.
[   14.186965] Freeing unused kernel memory: 1512K
[   14.204941] Write protecting the kernel read-only data: 14336k
[   14.297460] Freeing unused kernel memory: 1692K
[   14.358767] Freeing unused kernel memory: 96K
Loading, please wait...
[   14.445871] random: systemd-udevd: uninitialized urandom read (16 bytes read, 7 bits of entropy available)
starting version[   14.447088] random: udevadm: uninitialized urandom read (16 bytes read, 7 bits of entropy available)
 229
[   14.447114] random: udevadm: uninitialized urandom read (16 bytes read, 7 bits of entropy available)
[   14.462968] random: udevadm: uninitialized urandom read (16 bytes read, 7 bits of entropy available)
[   14.463077] random: udevadm: uninitialized urandom read (16 bytes read, 7 bits of entropy available)
[   14.463272] random: udevadm: uninitialized urandom read (16 bytes read, 7 bits of entropy available)
[   14.463345] random: udevadm: uninitialized urandom read (16 bytes read, 7 bits of entropy available)
[   14.463418] random: udevadm: uninitialized urandom read (16 bytes read, 7 bits of entropy available)
[   14.463490] random: udevadm: uninitialized urandom read (16 bytes read, 7 bits of entropy available)
[   14.463562] random: udevadm: uninitialized urandom read (16 bytes read, 7 bits of entropy available)
[   15.577722] e1000: Intel(R) PRO/1000 Network Driver - version 7.3.21-k8-NAPI
[   15.644712] e1000: Copyright (c) 1999-2006 Intel Corporation.
[   15.699925] Fusion MPT base driver 3.04.20
[   15.717434] Copyright (c) 1999-2008 LSI Corporation
[   15.746883] AVX version of gcm_enc/dec engaged.
[   15.754571] AES CTR mode by8 optimization enabled
[   15.759975] Fusion MPT SPI Host driver 3.04.20
[   15.924764] input: ImExPS/2 Generic Explorer Mouse as /devices/platform/i8042/serio1/input/input4
[   16.250750] e1000 0000:00:03.0 eth0: (PCI:33MHz:32-bit) 02:7e:71:36:a3:a3
[   16.269312] e1000 0000:00:03.0 eth0: Intel(R) PRO/1000 Network Connection
[   16.274602] e1000 0000:00:03.0 enp0s3: renamed from eth0
[   16.342485] mptbase: ioc0: Initiating bringup
[   16.434613] ioc0: LSI53C1030 A0: Capabilities={Initiator}
[   16.662995] scsi host2: ioc0: LSI53C1030 A0, FwRev=00000000h, Ports=1, MaxQ=256, IRQ=20
[   16.806720] scsi 2:0:0:0: Direct-Access     VBOX     HARDDISK         1.0  PQ: 0 ANSI: 5
[   16.872595] scsi target2:0:0: Beginning Domain Validation
[   16.888443] scsi target2:0:0: Domain Validation skipping write tests
[   17.022214] scsi target2:0:0: Ending Domain Validation
[   17.122959] scsi target2:0:0: asynchronous
[   17.197656] scsi 2:0:1:0: Direct-Access     VBOX     HARDDISK         1.0  PQ: 0 ANSI: 5
[   17.277709] scsi target2:0:1: Beginning Domain Validation
[   17.290791] scsi target2:0:1: Domain Validation skipping write tests
[   17.330341] scsi target2:0:1: Ending Domain Validation
[   17.379756] scsi target2:0:1: asynchronous
[   17.396357] sd 2:0:0:0: Attached scsi generic sg0 type 0
[   17.446568] sd 2:0:1:0: Attached scsi generic sg1 type 0
[   17.509308] sd 2:0:0:0: [sda] 20971520 512-byte logical blocks: (10.7 GB/10.0 GiB)
[   17.570569] sd 2:0:1:0: [sdb] 20480 512-byte logical blocks: (10.5 MB/10.0 MiB)
[   17.613046] sd 2:0:0:0: [sda] Write Protect is off
[   17.613153] sd 2:0:1:0: [sdb] Write Protect is off
[   17.613308] sd 2:0:1:0: [sdb] Incomplete mode parameter data
[   17.613310] sd 2:0:1:0: [sdb] Assuming drive cache: write through
[   17.616727] sd 2:0:1:0: [sdb] Attached SCSI disk
[   17.850453] sd 2:0:0:0: [sda] Incomplete mode parameter data
[   17.896404] sd 2:0:0:0: [sda] Assuming drive cache: write through
[   17.941776]  sda: sda1
[   17.961238] sd 2:0:0:0: [sda] Attached SCSI disk
Begin: Loading e[   19.480868] md: linear personality registered for level -1
ssential drivers[   19.525238] md: multipath personality registered for level -4
 ... [   19.590950] md: raid0 personality registered for level 0
[   19.637057] md: raid1 personality registered for level 1
[   19.738628] raid6: sse2x1   gen()  6571 MB/s
[   19.814341] raid6: sse2x1   xor()  5639 MB/s
[   19.894615] raid6: sse2x2   gen()  9458 MB/s
[   20.014375] raid6: sse2x2   xor()  6044 MB/s
[   20.130161] raid6: sse2x4   gen() 10876 MB/s
[   20.262428] raid6: sse2x4   xor()  7381 MB/s
[   20.319534] raid6: using algorithm sse2x4 gen() 10876 MB/s
[   20.369565] raid6: .... xor() 7381 MB/s, rmw enabled
[   20.421598] raid6: using ssse3x2 recovery algorithm
[   20.469677] xor: automatically using best checksumming function:
[   20.518117]    avx       : 18193.000 MB/sec
[   20.550425] async_tx: api initialized (async)
[   20.580117] md: raid6 personality registered for level 6
[   20.584129] md: raid5 personality registered for level 5
[   20.627938] md: raid4 personality registered for level 4
[   20.666625] md: raid10 personality registered for level 10
done.
Begin: Running /scripts/init-premount ... done.
Begin: Mounting root file system ... Begin: Running /scripts/local-top ... done.
Begin: Running /scripts/local-premount ... [   20.775860] Btrfs loaded
Scanning for Btrfs filesystems
done.
Warning: fsck not present, so sk[   20.868283] EXT4-fs (sda1): mounted filesystem with ordered data mode. Opts: (null)
ipping root file system
done.
Begin: Running /scripts/local-bottom ... done.
Begin: Running /scripts/init-bottom ... done.
[   21.178284] systemd[1]: systemd 229 running in system mode. (+PAM +AUDIT +SELINUX +IMA +APPARMOR +SMACK +SYSVINIT +UTMP +LIBCRYPTSETUP +GCRYPT +GNUTLS +ACL +XZ -LZ4 +SECCOMP +BLKID +ELFUTILS +KMOD -IDN)
[   21.276085] systemd[1]: Detected virtualization oracle.
[   21.288418] systemd[1]: Detected architecture x86-64.

Welcome to [1mUbuntu 16.04.4 LTS[0m!

[   21.351582] systemd[1]: Set hostname to <ubuntu-xenial>.
[   21.846783] random: nonblocking pool is initialized
[   21.904169] systemd[1]: Listening on udev Control Socket.
[[0;32m  OK  [0m] Listening on udev Control Socket.
[   21.974841] systemd[1]: Listening on Journal Audit Socket.
[[0;32m  OK  [0m] Listening on Journal Audit Socket.
[   22.075377] systemd[1]: Listening on udev Kernel Socket.
[[0;32m  OK  [0m] Listening on udev Kernel Socket.
[   22.167736] systemd[1]: Created slice System Slice.
[[0;32m  OK  [0m] Created slice System Slice.
[   22.206870] systemd[1]: Reached target Swap.
[[0;32m  OK  [0m] Reached target Swap.
[   22.330944] systemd[1]: Reached target System Time Synchronized.
[[0;32m  OK  [0m] Reached target System Time Synchronized.
[   22.414524] systemd[1]: Listening on Syslog Socket.
[[0;32m  OK  [0m] Listening on Syslog Socket.
[   22.534820] systemd[1]: Listening on LVM2 metadata daemon socket.
[[0;32m  OK  [0m] Listening on LVM2 metadata daemon socket.
[   22.684463] systemd[1]: Set up automount Arbitrary Executable File Formats File System Automount Point.
[[0;32m  OK  [0m] Set up automount Arbitrary Executab...ats File System Automount Point.
[   22.911364] systemd[1]: Created slice system-serial\x2dgetty.slice.
[[0;32m  OK  [0m] Created slice system-serial\x2dgetty.slice.
[   23.038681] systemd[1]: Started Trigger resolvconf update for networkd DNS.
[[0;32m  OK  [0m] Started Trigger resolvconf update for networkd DNS.
[   23.155490] systemd[1]: Listening on LVM2 poll daemon socket.
[[0;32m  OK  [0m] Listening on LVM2 poll daemon socket.
[   23.219816] systemd[1]: Listening on Journal Socket.
[[0;32m  OK  [0m] Listening on Journal Socket.
[   23.294685] systemd[1]: Starting Load Kernel Modules...
         Starting Load Ke[   23.358486] Loading iSCSI transport class v2.0-870.
rnel Modules...
[   23.414922] iscsi: registered transport (tcp)
[   23.442270] systemd[1]: Starting Uncomplicated firewall...
         Starting Uncomplicated firewall...
[   23.503581] iscsi: registered transport (iser)
[   23.571085] systemd[1]: Starting Set console keymap...
         Starting Set console keymap...
[   23.639413] systemd[1]: Starting Nameserver information manager...
         Starting Nameserver information manager...
[   23.714282] systemd[1]: Mounting Debug File System...
         Mounting Debug File System...
[   23.770697] systemd[1]: Mounting Huge Pages File System...
         Mounting Huge Pages File System...
[   23.866311] systemd[1]: Mounting POSIX Message Queue File System...
         Mounting POSIX Message Queue File System...
[   23.983376] systemd[1]: Starting Remount Root and Kernel File Systems...
[   23.990544] EXT4-fs (sda1): re-mounted. Opts: (null)
         Starting Remount Root and Kernel File Systems...
[   24.103115] systemd[1]: Listening on Journal Socket (/dev/log).
[[0;32m  OK  [0m] Listening on Journal Socket (/dev/log).
[   24.222645] systemd[1]: Starting Journal Service...
         Starting Journal Service...
[   24.294563] systemd[1]: Started Forward Password Requests to Wall Directory Watch.
[[0;32m  OK  [0m] Started Forward Password Requests to Wall Directory Watch.
[   24.370664] systemd[1]: Reached target User and Group Name Lookups.
[[0;32m  OK  [0m] Reached target User and Group Name Lookups.
[   24.425251] systemd[1]: Listening on Device-mapper event daemon FIFOs.
[[0;32m  OK  [0m] Listening on Device-mapper event daemon FIFOs.
[   24.522720] systemd[1]: Starting Monitoring of LVM2 mirrors, snapshots etc. using dmeventd or progress polling...
         Starting Monitoring of LVM2 mirrors... dmeventd or progress polling...
[   24.654976] systemd[1]: Starting Create list of required static device nodes for the current kernel...
         Starting Create list of required st... nodes for the current kernel...
[   24.806673] systemd[1]: Listening on /dev/initctl Compatibility Named Pipe.
[[0;32m  OK  [0m] Listening on /dev/initctl Compatibility Named Pipe.
[   24.886656] systemd[1]: Reached target Encrypted Volumes.
[[0;32m  OK  [0m] Reached target Encrypted Volumes.
[   24.979234] systemd[1]: Created slice User and Session Slice.
[[0;32m  OK  [0m] Created slice User and Session Slice.
[   25.046869] systemd[1]: Reached target Slices.
[[0;32m  OK  [0m] Reached target Slices.
[   25.120515] systemd[1]: Mounted Huge Pages File System.
[[0;32m  OK  [0m] Mounted Huge Pages File System.
[   25.191665] systemd[1]: Mounted POSIX Message Queue File System.
[[0;32m  OK  [0m] Mounted POSIX Message Queue File System.
[   25.338596] systemd[1]: Mounted Debug File System.
[[0;32m  OK  [0m] Mounted Debug File System.
[   25.414706] systemd[1]: Started Journal Service.
[[0;32m  OK  [0m] Started Journal Service.
[[0;32m  OK  [0m] Started Load Kernel Modules.
[[0;32m  OK  [0m] Started Uncomplicated firewall.
[[0;32m  OK  [0m] Started Set console keymap.
[[0;32m  OK  [0m] Started Remount Root and Kernel File Systems.
[[0;32m  OK  [0m] Started Create list of required sta...ce nodes for the current kernel.
[[0;32m  OK  [0m] Started Nameserver information manager.
[[0;32m  OK  [0m] Started LVM2 metadata daemon.
         Starting Create Static Device Nodes in /dev...
         Starting Load/Save Random Seed...
         Starting udev Coldplug all Devices...
         Starting Apply Kernel Variables...
         Mounting FUSE Control File System...
         Starting Flush Journal to Persistent Storage...
[[0;32m  OK  [0m] Mounted FUSE Control File System.
[[0;32m  OK  [0m] Started Monitoring of LVM2 mirrors,...ng dmeventd or progress polling.
[[0;32m  OK  [0m] Started Create Static Device Nodes in /dev.
[[0;32m  OK  [0m] Started Load/Save Random Seed.
[[0;32m  OK  [0m] Started Apply Kernel Variables.
[[0;32m  OK  [0m] Started udev Coldplug all Devices.
[[0;32m  OK  [0m] Started Flush Journal to Persistent Storage.
         Starting udev Kernel Device Manager...
[[0;32m  OK  [0m] Started udev Kernel Device Manager.
[[0;32m  OK  [0m] Reached target Local File Systems (Pre).
[[0;32m  OK  [0m] Reached target Local File Systems.
         Starting Set console font and keymap...
         Starting LSB: AppArmor initialization...
         Starting Initial cloud-init job (pre-networking)...
         Starting Tell Plymouth To Write Out Runtime Data...
         Starting Create Volatile Files and Directories...
[[0;32m  OK  [0m] Started Dispatch Password Requests to Console Directory Watch.
[[0;32m  OK  [0m] Started Tell Plymouth To Write Out Runtime Data.
[[0;32m  OK  [0m] Started Create Volatile Files and Directories.
[[0;32m  OK  [0m] Found device /dev/ttyS0.
[[0;32m  OK  [0m] Listening on Load/Save RF Kill Switch Status /dev/rfkill Watch.
         Starting Update UTMP about System Boot/Shutdown...
[[0;32m  OK  [0m] Started LSB: AppArmor initialization.
[[0;32m  OK  [0m] Started Update UTMP about System Boot/Shutdown.
[[0;32m  OK  [0m] Started Set console font and keymap.
[[0;32m  OK  [0m] Created slice system-getty.slice.
[   19.968673] cloud-init[488]: Cloud-init v. 18.2 running 'init-local' at Wed, 23 May 2018 12:08:16 +0000. Up 19.54 seconds.
[[0;32m  OK  [0m] Started Initial cloud-init job (pre-networking).
[[0;32m  OK  [0m] Reached target Network (Pre).
         Starting Raise network interfaces...
[[0;32m  OK  [0m] Started ifup for enp0s3.
[[0;32m  OK  [0m] Started Raise network interfaces.
[[0;32m  OK  [0m] Reached target Network.
         Starting Initial cloud-init job (metadata service crawler)...
[   21.354815] cloud-init[949]: Cloud-init v. 18.2 running 'init' at Wed, 23 May 2018 12:08:18 +0000. Up 20.85 seconds.
[   21.433112] cloud-init[949]: ci-info: +++++++++++++++++++++++++++++++++++++Net device info++++++++++++++++++++++++++++++++++++++
[[0;32m  OK  [0m] Started Initial cloud-init job (metadata service crawler).
[[0;32m  OK  [0m] Reached target Network is Online.
[   21.526543] cloud-init[949]: ci-info: +--------+------+----------------------------+---------------+-------+-------------------+
[   21.628078]          cloud-initStarting iSCSI initiator daemon (iscsid)...[949]: 
ci-info: | Device |  Up  |          Address           |      Mask     | Scope |     Hw-Address    |
[   21.704740] [cloud-init[0;32m  OK  [0m[949]: ] ci-info: +--------+------+----------------------------+---------------+-------+-------------------+Reached target System Initialization.

[   21.706119] [cloud-init[0;32m  OK  [0m[949]: ] ci-info: | enp0s3 | True |         10.0.2.15          | 255.255.255.0 |   .   | 02:7e:71:36:a3:a3 |Listening on ACPID Listen Socket.

[   21.866671] [cloud-init[0;32m  OK  [0m[949]: ] ci-info: | enp0s3 | True | fe80::7e:71ff:fe36:a3a3/64 |       .       |  link | 02:7e:71:36:a3:a3 |Listening on UUID daemon activation socket.

[   21.868146] cloud-init[949]: ci-info: |   lo   | True |         127.0.0.1          |   255.0.0.0   |   .   |         .         |
[   22.105043] [cloud-init[0;32m  OK  [0m[949]: ] ci-info: |   lo   | True |          ::1/128           |       .       |  host |         .         |Started Daily apt download activities.

         Starting Socket activation for snappy daemon.
[   22.107095] cloud-init[949]: [ci-info: +--------+------+----------------------------+---------------+-------+-------------------+[0;32m  OK  [0m
] Listening on D-Bus System Message Bus Socket.
[   22.464579] cloud-init[949]: ci-info: +++++++++++++++++++++++++++Route IPv4 info++++++++++++++++++++++++++++
[[0;32m  OK  [0m] Started Daily Cleanup of Temporary Directories.
[   22.466100] cloud-init[949]: ci-info: +-------+-------------+----------+---------------+-----------+-------+
[   22.617010]          cloud-initStarting LXD - unix socket.[949]: 
ci-info: | Route | Destination | Gateway  |    Genmask    | Interface | Flags |
[   22.729027] [cloud-init[0;32m  OK  [0m[949]: ] ci-info: +-------+-------------+----------+---------------+-----------+-------+Started ACPI Events Check.

[   22.730502] [cloud-init[0;32m  OK  [0m[949]: ] ci-info: |   0   |   0.0.0.0   | 10.0.2.2 |    0.0.0.0    |   enp0s3  |   UG  |Reached target Paths.

[   22.813880] [cloud-init[0;32m  OK  [0m[949]: ] ci-info: |   1   |   10.0.2.0  | 0.0.0.0  | 255.255.255.0 |   enp0s3  |   U   |Started Daily apt upgrade and clean activities.

[   23.016735] [cloud-init[0;32m  OK  [0m[949]: ] ci-info: +-------+-------------+----------+---------------+-----------+-------+Reached target Timers.

[[0;32m  OK  [0m] Reached target Cloud-config availability.
[[0;32m  OK  [0m] Listening on Socket activation for snappy daemon.
[[0;32m  OK  [0m] Listening on LXD - unix socket.
[[0;32m  OK  [0m] Started iSCSI initiator daemon (iscsid).
         Starting Login to default iSCSI targets...
[[0;32m  OK  [0m] Reached target Sockets.
[[0;32m  OK  [0m] Reached target Basic System.
[[0;32m  OK  [0m] Started Deferred execution scheduler.
         Starting /etc/rc.local Compatibility...
         Starting Login Service...
         Starting LSB: Record successful boot for GRUB...
         Starting LSB: MD monitoring daemon...
         Starting System Logging Service...
         Starting Accounts Service...
[[0;32m  OK  [0m] Started Regular background program processing daemon.
[[0;32m  OK  [0m] Started D-Bus System Message Bus.
[[0;32m  OK  [0m] Started FUSE filesystem for LXC.
[[0;32m  OK  [0m] Started Unattended Upgrades Shutdown.
         Starting Apply the settings specified in cloud-config...
         Starting OpenBSD Secure Shell server...
         Starting LXD - container startup/shutdown...
         Starting Virtualbox guest utils...
         Starting Snappy daemon...
[[0;32m  OK  [0m] Started ACPI event daemon.
[[0;32m  OK  [0m] Started System Logging Service.
[[0;32m  OK  [0m] Started OpenBSD Secure Shell server.
[[0;32m  OK  [0m] Started /etc/rc.local Compatibility.
[[0;32m  OK  [0m] Started LXD - container startup/shutdown.
[[0;32m  OK  [0m] Started Login to default iSCSI targets.
[[0;32m  OK  [0m] Started Snappy daemon.
[[0;32m  OK  [0m] Started LSB: Record successful boot for GRUB.
[[0;32m  OK  [0m] Started LSB: MD monitoring daemon.
[[0;32m  OK  [0m] Started Login Service.
         Starting Authenticate and Authorize Users to Run Privileged Tasks...
[[0;32m  OK  [0m] Reached target Remote File Systems (Pre).
[[0;32m  OK  [0m] Reached target Remote File Systems.
[   24.834270] cloud-init[1047]: Cloud-init v. 18.2 running 'modules:config' at Wed, 23 May 2018 12:08:21 +0000. Up 24.52 seconds.
         Starting LSB: Set the CPU Frequency Scaling governor to "ondemand"...
         Starting LSB: automatic crash report generation...
         Starting Permit User Sessions...
         Starting LSB: daemon to balance interrupts for SMP systems...
[[0;32m  OK  [0m] Started Apply the settings specified in cloud-config.
[[0;32m  OK  [0m] Started Virtualbox guest utils.
[[0;32m  OK  [0m] Started Permit User Sessions.
[[0;32m  OK  [0m] Started Authenticate and Authorize Users to Run Privileged Tasks.
[[0;32m  OK  [0m] Started Accounts Service.
[[0;32m  OK  [0m] Started LSB: Set the CPU Frequency Scaling governor to "ondemand".
[[0;32m  OK  [0m] Started LSB: automatic crash report generation.
[[0;32m  OK  [0m] Created slice User Slice of ubuntu.
         Starting User Manager for UID 1000...
[[0;32m  OK  [0m] Started Session 1 of user ubuntu.
         Starting Hold until boot process finishes up...
         Starting Terminate Plymouth Boot Screen...
[[0;32m  OK  [0m] Started User Manager for UID 1000.
[[0;32m  OK  [0m] Started LSB: daemon to balance interrupts for SMP systems.
[[0;32m  OK  [0m] Started Hold until boot process finishes up.
[[0;32m  OK  [0m] Started Terminate Plymouth Boot Screen.
[[0;32m  OK  [0m] Started Serial Getty on ttyS0.
[[0;32m  OK  [0m] Started Getty on tty1.
[[0;32m  OK  [0m] Reached target Login Prompts.
         Starting Set console scheme...
[[0;32m  OK  [0m] Reached target Multi-User System.
         Starting Execute cloud user/final scripts...
[[0;32m  OK  [0m] Reached target Graphical Interface.
         Starting Update UTMP about System Runlevel Changes...
[[0;32m  OK  [0m] Started Set console scheme.
[[0;32m  OK  [0m] Started Update UTMP about System Runlevel Changes.
[   26.985431] cloud-init[1182]: Cloud-init v. 18.2 running 'modules:final' at Wed, 23 May 2018 12:08:24 +0000. Up 26.74 seconds.
[   27.072795] cloud-init[1182]: Cloud-init v. 18.2 finished at Wed, 23 May 2018 12:08:24 +0000. Datasource DataSourceNoCloud [seed=/dev/sdb][dsmode=net].  Up 26.97 seconds
[[0;32m  OK  [0m] Started Execute cloud user/final scripts.
[[0;32m  OK  [0m] Reached target Cloud-init target.

Ubuntu 16.04.4 LTS ubuntu-xenial ttyS0

ubuntu-xenial login: 